artifacts/sthenos/src/components/onboarding.tsx(1,10): error TS2305: Module '"@workspace/api-client-react"' has no exported member 'useGetProfile'.
artifacts/sthenos/src/components/onboarding.tsx(1,25): error TS2305: Module '"@workspace/api-client-react"' has no exported member 'useCreateProfile'.
artifacts/sthenos/src/components/onboarding.tsx(11,10): error TS2305: Module '"@workspace/api-client-react"' has no exported member 'getGetProfileQueryKey'.
artifacts/sthenos/src/components/weight-check-modal.tsx(1,10): error TS2305: Module '"@workspace/api-client-react"' has no exported member 'useGetPendingWeightCheck'.
artifacts/sthenos/src/components/weight-check-modal.tsx(1,36): error TS2305: Module '"@workspace/api-client-react"' has no exported member 'useCreateWeightCheck'.
artifacts/sthenos/src/components/weight-check-modal.tsx(1,58): error TS2305: Module '"@workspace/api-client-react"' has no exported member 'getGetPendingWeightCheckQueryKey'.
artifacts/sthenos/src/components/weight-check-modal.tsx(1,92): error TS2305: Module '"@workspace/api-client-react"' has no exported member 'useGetProfile'.
artifacts/sthenos/src/lib/auth-context.tsx(56,27): error TS2741: Property 'getToken' is missing in type '{ user: User | null; session: Session | null; isLoading: boolean; signOut: () => Promise<void>; }' but required in type 'AuthContextType'.
artifacts/sthenos/src/pages/dashboard.tsx(2,3): error TS2305: Module '"@workspace/api-client-react"' has no exported member 'useGetDailyReport'.
artifacts/sthenos/src/pages/dashboard.tsx(3,3): error TS2305: Module '"@workspace/api-client-react"' has no exported member 'useGetAiDailySummary'.
artifacts/sthenos/src/pages/dashboard.tsx(4,3): error TS2305: Module '"@workspace/api-client-react"' has no exported member 'useGetProfile'.
artifacts/sthenos/src/pages/dashboard.tsx(5,3): error TS2305: Module '"@workspace/api-client-react"' has no exported member 'getGetDailyReportQueryKey'.
artifacts/sthenos/src/pages/dashboard.tsx(6,3): error TS2305: Module '"@workspace/api-client-react"' has no exported member 'getGetAiDailySummaryQueryKey'.
artifacts/sthenos/src/pages/dashboard.tsx(7,3): error TS2305: Module '"@workspace/api-client-react"' has no exported member 'getGetProfileQueryKey'.
artifacts/sthenos/src/pages/diet.tsx(1,10): error TS2305: Module '"@workspace/api-client-react"' has no exported member 'useGetAiDietPlan'.
artifacts/sthenos/src/pages/diet.tsx(1,28): error TS2305: Module '"@workspace/api-client-react"' has no exported member 'getGetAiDietPlanQueryKey'.
artifacts/sthenos/src/pages/exercises.tsx(2,3): error TS2305: Module '"@workspace/api-client-react"' has no exported member 'useListExercises'.
artifacts/sthenos/src/pages/exercises.tsx(3,3): error TS2305: Module '"@workspace/api-client-react"' has no exported member 'useCreateExercise'.
artifacts/sthenos/src/pages/exercises.tsx(4,3): error TS2305: Module '"@workspace/api-client-react"' has no exported member 'useUpdateExercise'.
artifacts/sthenos/src/pages/exercises.tsx(5,3): error TS2305: Module '"@workspace/api-client-react"' has no exported member 'useDeleteExercise'.
artifacts/sthenos/src/pages/exercises.tsx(6,3): error TS2305: Module '"@workspace/api-client-react"' has no exported member 'getListExercisesQueryKey'.
artifacts/sthenos/src/pages/exercises.tsx(51,44): error TS7006: Parameter 'sum' implicitly has an 'any' type.
artifacts/sthenos/src/pages/exercises.tsx(51,49): error TS7006: Parameter 'e' implicitly has an 'any' type.
artifacts/sthenos/src/pages/exercises.tsx(78,28): error TS7006: Parameter 'ex' implicitly has an 'any' type.
artifacts/sthenos/src/pages/meals.tsx(1,10): error TS2305: Module '"@workspace/api-client-react"' has no exported member 'useListMeals'.
artifacts/sthenos/src/pages/meals.tsx(1,24): error TS2305: Module '"@workspace/api-client-react"' has no exported member 'useCreateMeal'.
artifacts/sthenos/src/pages/meals.tsx(1,39): error TS2305: Module '"@workspace/api-client-react"' has no exported member 'useUpdateMeal'.
artifacts/sthenos/src/pages/meals.tsx(1,54): error TS2305: Module '"@workspace/api-client-react"' has no exported member 'useDeleteMeal'.
artifacts/sthenos/src/pages/meals.tsx(1,69): error TS2305: Module '"@workspace/api-client-react"' has no exported member 'useAnalyzeFoodImage'.
artifacts/sthenos/src/pages/meals.tsx(1,90): error TS2305: Module '"@workspace/api-client-react"' has no exported member 'getListMealsQueryKey'.
artifacts/sthenos/src/pages/meals.tsx(64,40): error TS7006: Parameter 'acc' implicitly has an 'any' type.
artifacts/sthenos/src/pages/meals.tsx(64,45): error TS7006: Parameter 'm' implicitly has an 'any' type.
